.github/workflows/ci.yml 19ms (unchanged)
.prettierrc 32ms (unchanged)
CONTRIBUTING.md 38ms (unchanged)
decisions/0001-documentation-and-tooling.md 11ms (unchanged)
decisions/0002-testing-and-coverage.md 37ms (unchanged)
decisions/0003-add-ci-badge-and-docs.md 5ms (unchanged)
decisions/0004-devdeps-update-selection.md 10ms (unchanged)
decisions/0005-test-consolidation.md 16ms (unchanged)
diagnostics/npm-audit.json 5ms (unchanged)
diagnostics/npm-lint-staged-versions.json 7ms (unchanged)
diagnostics/README.md 17ms
docs/API.md 14ms (unchanged)
eslint.config.cjs 8ms (unchanged)
package-lock.json 44ms (unchanged)
package.json 1ms (unchanged)
prompts/hello-world.md 4ms (unchanged)
README.md 15ms (unchanged)
src/index.js 5ms (unchanged)
test/cli.inprocess.consolidated.test.js 7ms (unchanged)
test/cli.toplevel.test.js 4ms (unchanged)
test/hello.test.js 8ms (unchanged)
test/utils/cli.js 5ms (unchanged)
vitest.config.js 3ms (unchanged)
